// Jest Snapshot v1, https://goo.gl/fbAQLP

exports[`g2plot 初始化以及销毁 1`] = `"<div class=\\"\\" style=\\"height: 100%;\\" data-chart-source-type=\\"G2Plot\\"><div style=\\"position:relative;\\"><svg width=\\"400\\" height=\\"400\\" style=\\"width: 400px; height: 400px; display: inline-block; vertical-align: middle;\\"><defs id=\\"defs_1\\"></defs><g opacity=\\"1\\"><g opacity=\\"1\\"></g><g opacity=\\"1\\"></g><g opacity=\\"1\\"></g></g><g opacity=\\"1\\"></g><g opacity=\\"1\\"><g opacity=\\"1\\"></g><g opacity=\\"1\\"></g><g opacity=\\"1\\"></g><g opacity=\\"1\\"></g></g></svg></div></div>"`;

exports[`g2plot 初始化以及销毁 2`] = `"<div class=\\"\\" style=\\"height: 100%;\\" data-chart-source-type=\\"G2Plot\\"><div style=\\"position:relative;\\"><svg width=\\"400\\" height=\\"400\\" style=\\"width: 400px; height: 400px; display: inline-block; vertical-align: middle;\\"><defs id=\\"defs_1\\"></defs><g opacity=\\"1\\"><g opacity=\\"1\\"></g><g opacity=\\"1\\"></g><g opacity=\\"1\\"></g></g><g opacity=\\"1\\"></g><g opacity=\\"1\\"><g opacity=\\"1\\"></g><g opacity=\\"1\\"></g><g opacity=\\"1\\"></g><g opacity=\\"1\\"></g></g></svg></div><div style=\\"position:relative;\\"><svg width=\\"400\\" height=\\"400\\" style=\\"width: 400px; height: 400px; display: inline-block; vertical-align: middle;\\"><defs id=\\"defs_2\\"></defs><g opacity=\\"1\\"><g opacity=\\"1\\"></g><g opacity=\\"1\\"></g><g opacity=\\"1\\"></g></g><g opacity=\\"1\\"></g><g opacity=\\"1\\"><g opacity=\\"1\\"></g><g opacity=\\"1\\"></g><g opacity=\\"1\\"></g><g opacity=\\"1\\"></g></g></svg></div></div>"`;

exports[`g2plot 初始化以及销毁 3`] = `"<h5>图表类型无效</h5>"`;
