// Jest Snapshot v1, https://goo.gl/fbAQLP

exports[`基础信息测试-API配置项 1`] = `
Object {
  "x": 0,
  "y": 1,
}
`;

exports[`基础信息测试-默认渲染设置/边距 1`] = `
Object {
  "renderer": "svg",
}
`;

exports[`基础信息测试-默认配置项 1`] = `
Object {
  "barWidth": 20,
  "color1": "#BAE7FF",
  "color2": "#1150ff",
  "colorType": "gardient",
  "fontSize": 16,
  "roundCap": true,
}
`;

exports[`默认配置项测试 1`] = `
Object {
  "angleAxis": Object {
    "max": 2,
    "show": false,
  },
  "grid": Object {
    "bottom": "3%",
    "containLabel": true,
    "left": "3%",
    "right": "4%",
  },
  "legend": Object {
    "show": false,
  },
  "polar": Object {},
  "radiusAxis": Object {
    "axisLabel": Object {
      "align": "right",
      "color": "#9aa8d4",
      "fontSize": 16,
      "interval": 0,
      "margin": 25,
    },
    "axisLine": Object {
      "show": false,
    },
    "axisTick": Object {
      "show": false,
    },
    "data": Array [
      "问题 1",
      "问题 2",
      "问题 3",
      "问题 4",
      "问题 5",
      "问题 6",
      "问题 7",
      "问题 8",
    ],
    "type": "category",
    "z": 10,
  },
  "series": Array [
    Object {
      "barWidth": 20,
      "coordinateSystem": "polar",
      "data": Array [
        0.21,
        0.4,
        0.49,
        0.52,
        0.53,
        0.84,
        1,
        1.2,
      ],
      "name": "值",
      "roundCap": true,
      "type": "bar",
    },
  ],
  "tooltip": Object {
    "axisPointer": Object {
      "type": "none",
    },
    "trigger": "item",
  },
  "visualMap": Object {
    "dimension": 1,
    "inRange": Object {
      "color": Array [
        "#BAE7FF",
        "#1150ff",
      ],
    },
    "max": 1.2,
    "min": 0,
    "show": false,
    "splitNumber": 8,
    "type": "piecewise",
  },
}
`;
