// Jest Snapshot v1, https://goo.gl/fbAQLP

exports[`基础信息测试-API配置项 1`] = `
Object {
  "legend": 0,
  "x": 1,
  "y": 2,
}
`;

exports[`基础信息测试-默认配置项 1`] = `
Object {
  "area_opacity": 1,
  "barWidth": 20,
  "chart1": "bar",
  "chart2": "bar",
  "chart3": "line",
  "legendAlign": "center",
  "legendOrient": "horizontal",
  "legendPosition": "top",
  "legendShow": true,
  "lineWidth": 2,
  "smooth": true,
}
`;

exports[`默认配置项测试 1`] = `
Object {
  "grid": Object {
    "bottom": "3%",
    "containLabel": true,
    "left": "3%",
    "right": "4%",
  },
  "icon": "circle",
  "left": "center",
  "orient": "horizontal",
  "series": Array [
    Object {
      "barWidth": 20,
      "data": Array [
        175,
        125,
        98,
        120,
        50,
        60,
        50,
        50,
        50,
      ],
      "itemStyle": Object {
        "borderRadius": Array [
          10,
          10,
          0,
          0,
        ],
        "color": LinearGradient {
          "colorStops": Array [
            Object {
              "color": "#ff69fa",
              "offset": 0,
            },
            Object {
              "color": "#ff05c4",
              "offset": 1,
            },
          ],
          "global": false,
          "type": "linear",
          "x": 0,
          "x2": 0,
          "y": 0,
          "y2": 1,
        },
      },
      "lineStyle": Object {
        "width": 2,
      },
      "name": "类目1",
      "smooth": true,
      "type": "bar",
    },
    Object {
      "barWidth": 20,
      "data": Array [
        210,
        140,
        120,
        140,
        60,
        70,
        60,
        55,
        55,
      ],
      "itemStyle": Object {
        "borderRadius": Array [
          10,
          10,
          0,
          0,
        ],
        "color": LinearGradient {
          "colorStops": Array [
            Object {
              "color": "#2846ff",
              "offset": 1,
            },
            Object {
              "color": "#229dfb",
              "offset": 0,
            },
          ],
          "global": false,
          "type": "linear",
          "x": 0,
          "x2": 0,
          "y": 0,
          "y2": 1,
        },
      },
      "lineStyle": Object {
        "width": 2,
      },
      "name": "类目2",
      "smooth": true,
      "type": "bar",
    },
    Object {
      "data": Array [
        23,
        17.5,
        15,
        12,
        8,
        7,
        6,
        5,
        5,
      ],
      "itemStyle": Object {
        "color": "#11dddc",
      },
      "lineStyle": Object {
        "width": 2,
      },
      "name": "类目3",
      "smooth": true,
      "type": "line",
      "yAxisIndex": 1,
    },
  ],
  "show": true,
  "textStyle": Object {
    "color": "#ddd",
  },
  "tooltip": Object {
    "axisPointer": Object {
      "type": "shadow",
    },
    "trigger": "axis",
  },
  "top": 15,
  "xAxis": Array [
    Object {
      "axisLabel": Object {
        "color": "#ddd",
      },
      "axisLine": Object {
        "lineStyle": Object {
          "color": "#0055bd",
        },
      },
      "axisTick": Object {
        "show": false,
      },
      "data": Array [
        "1月",
        "2月",
        "3月",
        "4月",
        "5月",
        "6月",
        "7月",
        "8月",
        "9月",
      ],
      "type": "category",
    },
  ],
  "yAxis": Array [
    Object {
      "axisLabel": Object {
        "color": "#ddd",
      },
      "axisLine": Object {
        "lineStyle": Object {
          "color": "#0055bd",
        },
      },
      "axisTick": Object {
        "show": false,
      },
      "position": "top",
      "splitLine": Object {
        "show": false,
      },
      "type": "value",
    },
    Object {
      "axisLabel": Object {
        "color": "#ddd",
      },
      "axisLine": Object {
        "lineStyle": Object {
          "color": "#0055bd",
        },
      },
      "axisTick": Object {
        "show": false,
      },
      "position": "top",
      "splitLine": Object {
        "show": false,
      },
      "type": "value",
    },
  ],
}
`;
