// Jest Snapshot v1, https://goo.gl/fbAQLP

exports[`基础信息测试-API配置项 1`] = `
Object {
  "legend": 2,
  "x": 0,
  "y": 1,
}
`;

exports[`基础信息测试-默认配置项 1`] = `
Object {
  "borderColor": "#070125",
  "borderRadiusInner": 0,
  "borderRadiusOutter": 0,
  "borderWidth": 1,
  "chartType": "pie",
  "edgeDistance": 10,
  "innerRadius": 20,
  "labelAlign": "edge",
  "labelFontSize": 16,
  "labelPosition": "inner",
  "legendAlign": "center",
  "legendOrient": "horizontal",
  "legendPosition": "top",
  "legendShow": true,
  "theme": "cbpc",
  "valueFontSize": 12,
}
`;

exports[`默认配置项测试 1`] = `
Object {
  "color": Array [
    "#5B8FF9",
    "#5AD8A6",
    "#5D7092",
    "#F6BD16",
    "#E86452",
    "#6DC8EC",
    "#945FB9",
    "#FF9845",
    "#1E9493",
    "#FF99C3",
  ],
  "legend": Object {
    "icon": "circle",
    "left": "center",
    "orient": "horizontal",
    "show": true,
    "textStyle": Object {
      "color": "#ddd",
    },
    "top": 15,
  },
  "series": Array [
    Object {
      "data": Array [
        Object {
          "name": "1月",
          "value": 175,
        },
        Object {
          "name": "2月",
          "value": 125,
        },
        Object {
          "name": "3月",
          "value": 98,
        },
        Object {
          "name": "4月",
          "value": 120,
        },
        Object {
          "name": "5月",
          "value": 50,
        },
      ],
      "emphasis": Object {
        "focus": "series",
      },
      "itemStyle": Object {
        "borderColor": "#070125",
        "borderRadius": Array [
          0,
          0,
        ],
        "borderWidth": 1,
      },
      "label": Object {
        "alignTo": "edge",
        "edgeDistance": "10%",
        "formatter": "{name|{b}}
{value|{c}}",
        "lineHeight": 24,
        "minMargin": 5,
        "position": "inner",
        "rich": Object {
          "name": Object {
            "color": "#9aa8d4",
            "fontSize": 16,
          },
          "value": Object {
            "color": "#aaa",
            "fontSize": 12,
          },
        },
      },
      "labelLayout": [Function],
      "labelLine": Object {
        "length": 15,
        "length2": 0,
        "maxSurfaceAngle": 80,
      },
      "radius": Array [
        "20%",
        "75%",
      ],
      "type": "pie",
    },
  ],
  "tooltip": Object {
    "trigger": "item",
  },
}
`;
