// Jest Snapshot v1, https://goo.gl/fbAQLP

exports[`基础信息测试-API配置项 1`] = `
Object {
  "x": 0,
  "y": 1,
  "y2": 2,
}
`;

exports[`基础信息测试-默认配置项 1`] = `
Object {
  "direction": "vertical",
  "legendAlign": "center",
  "legendOrient": "horizontal",
  "legendPosition": "top",
  "legendShow": true,
  "limitYaxis": true,
  "renderer": "svg",
  "theme": "cbpc",
}
`;

exports[`默认配置项测试 1`] = `
Object {
  "chartType": "bidirectional_bar",
  "data": Array [
    Object {
      "2016年耕地总面积": 13.4,
      "2016年转基因种植面积": 12.3,
      "country": "乌拉圭",
    },
    Object {
      "2016年耕地总面积": 14.4,
      "2016年转基因种植面积": 6.3,
      "country": "巴拉圭",
    },
    Object {
      "2016年耕地总面积": 18.4,
      "2016年转基因种植面积": 8.3,
      "country": "南非",
    },
    Object {
      "2016年耕地总面积": 34.4,
      "2016年转基因种植面积": 13.8,
      "country": "巴基斯坦",
    },
    Object {
      "2016年耕地总面积": 44.4,
      "2016年转基因种植面积": 19.5,
      "country": "阿根廷",
    },
    Object {
      "2016年耕地总面积": 24.4,
      "2016年转基因种植面积": 18.8,
      "country": "巴西",
    },
    Object {
      "2016年耕地总面积": 54.4,
      "2016年转基因种植面积": 24.7,
      "country": "加拿大",
    },
    Object {
      "2016年耕地总面积": 104.4,
      "2016年转基因种植面积": 5.3,
      "country": "中国",
    },
    Object {
      "2016年耕地总面积": 165.2,
      "2016年转基因种植面积": 72.9,
      "country": "美国",
    },
  ],
  "interactions": Array [
    Object {
      "type": "active-region",
    },
  ],
  "label": Object {
    "position": [Function],
    "style": Object {
      "fill": "#ddd",
    },
  },
  "layout": "vertical",
  "legend": Object {
    "layout": "horizontal",
    "position": "top",
  },
  "renderer": "svg",
  "tooltip": Object {
    "shared": true,
    "showMarkers": false,
  },
  "xAxis": Object {
    "position": "bottom",
  },
  "xField": "country",
  "yAxis": Object {
    "2016年耕地总面积": Object {
      "grid": Object {
        "line": null,
      },
      "max": 200,
      "min": 0,
    },
    "2016年转基因种植面积": Object {
      "grid": Object {
        "line": null,
      },
      "max": 200,
      "min": 0,
    },
  },
  "yField": Array [
    "2016年耕地总面积",
    "2016年转基因种植面积",
  ],
}
`;
