// Jest Snapshot v1, https://goo.gl/fbAQLP

exports[`基础信息测试-API配置项 1`] = `
Object {
  "x": 0,
  "y": 1,
}
`;

exports[`基础信息测试-默认渲染设置/边距 1`] = `
Object {
  "padding": Array [
    0,
    0,
    0,
    0,
  ],
  "renderer": "svg",
}
`;

exports[`基础信息测试-默认配置项 1`] = `
Object {
  "cols": 4,
  "facet": "list",
  "fontColor": "#ffffff",
  "fontSize": 16,
  "fontWeight": "normal",
  "innerPercent": 60,
  "letterSpacing": 0,
  "needRerverse": false,
  "outterPercent": 100,
  "textAlign": "center",
  "theme": "cbpc",
}
`;
