// Jest Snapshot v1, https://goo.gl/fbAQLP

exports[`基础信息测试-API配置项 1`] = `
Object {
  "x": 0,
}
`;

exports[`基础信息测试-默认配置项 1`] = `
Object {
  "backgroundColor": "#0f396b",
  "decimals": 2,
  "duration": 1.5,
  "fontColor": "#9aa8d4",
  "fontSize": 18,
  "fontWeight": "normal",
  "letterSpacing": 0,
  "padding": 5,
  "prefix": "",
  "suffix": "",
  "textAlign": "center",
}
`;
