// Jest Snapshot v1, https://goo.gl/fbAQLP

exports[`基础信息测试-API配置项 1`] = `
Object {
  "x": 0,
  "y": 1,
}
`;

exports[`基础信息测试-默认配置项 1`] = `
Object {
  "chartType": "pie",
  "innerRadius": 0.2,
  "labelPosition": "inner",
  "legendAlign": "center",
  "legendOrient": "horizontal",
  "legendPosition": "top",
  "legendShow": true,
  "renderer": "svg",
  "showStatistic": true,
  "theme": "cbpc",
}
`;

exports[`默认配置项测试 1`] = `
Object {
  "angleField": "value",
  "chartType": "pie",
  "colorField": "type",
  "data": Array [
    Object {
      "type": "分类一",
      "value": 47,
    },
    Object {
      "type": "分类二",
      "value": 45,
    },
    Object {
      "type": "分类三",
      "value": 38,
    },
    Object {
      "type": "分类四",
      "value": 65,
    },
    Object {
      "type": "分类五",
      "value": 20,
    },
    Object {
      "type": "其他",
      "value": 5,
    },
  ],
  "innerRadius": 0.2,
  "interactions": Array [
    Object {
      "type": "pie-legend-active",
    },
    Object {
      "type": "element-active",
    },
  ],
  "label": Object {
    "content": "{name} {percentage}",
    "offset": "-30%",
    "style": Object {
      "fill": "#9aa8d4",
      "fontSize": 12,
      "textAlign": "center",
    },
    "type": "inner",
  },
  "legend": Object {
    "layout": "horizontal",
    "position": "top",
  },
  "radius": 0.95,
  "renderer": "svg",
  "seriesField": "type",
  "state": Object {
    "active": Object {
      "style": Object {
        "fillOpacity": 0.65,
        "lineWidth": 0,
      },
    },
  },
  "statistic": Object {
    "content": Object {
      "offsetY": 16,
      "style": Object {
        "color": "#9aa8d4",
        "fontSize": 20,
        "fontWeight": "normal",
        "overflow": "hidden",
        "textOverflow": "ellipsis",
        "whiteSpace": "pre-wrap",
      },
    },
    "title": Object {
      "offsetY": "-10",
      "style": Object {
        "fill": "#9aa8d4",
      },
    },
  },
  "tooltip": Object {
    "crosshairs": Object {
      "line": Object {
        "style": Object {
          "stroke": "#ccc",
        },
      },
    },
    "domStyles": Object {
      "g2-tooltip": Object {
        "backdropFilter": "saturate(180%) blur(60px)",
        "background": "rgba(48, 54, 64, 0.8)",
        "color": "#E0E0E3",
        "fontFamily": "\\"Unica One\\",\\"-apple-system\\", \\"Segoe UI\\", Roboto, \\"Helvetica Neue\\", Arial,
  \\"Noto Sans\\", sans-serif, \\"Apple Color Emoji\\", \\"Segoe UI Emoji\\", \\"Segoe UI Symbol\\",\\"Noto Color Emoji\\"",
      },
    },
  },
}
`;
