// Jest Snapshot v1, https://goo.gl/fbAQLP

exports[`基础信息测试-API配置项 1`] = `
Object {
  "legend": 0,
  "x": 1,
  "y": 2,
}
`;

exports[`基础信息测试-默认配置项 1`] = `
Object {
  "area_opacity": 1,
  "legendAlign": "center",
  "legendOrient": "horizontal",
  "legendPosition": "top",
  "legendShow": true,
  "lineWidth": 2,
  "smooth": true,
  "yAxis": true,
}
`;

exports[`默认配置项测试 1`] = `
Object {
  "grid": Object {
    "bottom": 25,
    "containLabel": true,
    "left": "3%",
    "right": "3%",
    "top": 30,
  },
  "legend": Object {
    "icon": "circle",
    "left": "center",
    "orient": "horizontal",
    "show": true,
    "textStyle": Object {
      "color": "#ddd",
    },
    "top": 15,
  },
  "series": Array [
    Object {
      "areaStyle": Object {
        "color": LinearGradient {
          "colorStops": Array [
            Object {
              "color": "rgba(24,144,255,0.9)",
              "offset": 0,
            },
            Object {
              "color": "rgba(24,144,255,0.4)",
              "offset": 0.5,
            },
            Object {
              "color": "rgba(24,144,255,0.05)",
              "offset": 1,
            },
          ],
          "global": false,
          "type": "linear",
          "x": 0,
          "x2": 0,
          "y": 0,
          "y2": 1,
        },
        "opacity": 1,
      },
      "data": Array [
        120,
        132,
        101,
        134,
        90,
        230,
        210,
      ],
      "itemStyle": Object {
        "borderWidth": 2,
        "color": "#1890FF",
      },
      "label": Object {
        "position": "top",
        "show": true,
      },
      "lineStyle": Object {
        "color": "#1890FF",
        "width": 2,
      },
      "name": "邮件营销",
      "smooth": true,
      "stack": "累计",
      "type": "line",
    },
    Object {
      "areaStyle": Object {
        "color": LinearGradient {
          "colorStops": Array [
            Object {
              "color": "rgba(47,194,91,0.9)",
              "offset": 0,
            },
            Object {
              "color": "rgba(47,194,91,0.4)",
              "offset": 0.5,
            },
            Object {
              "color": "rgba(47,194,91,0.05)",
              "offset": 1,
            },
          ],
          "global": false,
          "type": "linear",
          "x": 0,
          "x2": 0,
          "y": 0,
          "y2": 1,
        },
        "opacity": 1,
      },
      "data": Array [
        220,
        182,
        191,
        234,
        290,
        330,
        310,
      ],
      "itemStyle": Object {
        "borderWidth": 2,
        "color": "#2FC25B",
      },
      "label": Object {
        "position": "top",
        "show": true,
      },
      "lineStyle": Object {
        "color": "#2FC25B",
        "width": 2,
      },
      "name": "联盟广告",
      "smooth": true,
      "stack": "累计",
      "type": "line",
    },
    Object {
      "areaStyle": Object {
        "color": LinearGradient {
          "colorStops": Array [
            Object {
              "color": "rgba(250,204,20,0.9)",
              "offset": 0,
            },
            Object {
              "color": "rgba(250,204,20,0.4)",
              "offset": 0.5,
            },
            Object {
              "color": "rgba(250,204,20,0.05)",
              "offset": 1,
            },
          ],
          "global": false,
          "type": "linear",
          "x": 0,
          "x2": 0,
          "y": 0,
          "y2": 1,
        },
        "opacity": 1,
      },
      "data": Array [
        150,
        232,
        201,
        154,
        190,
        330,
        410,
      ],
      "itemStyle": Object {
        "borderWidth": 2,
        "color": "#FACC14",
      },
      "label": Object {
        "position": "top",
        "show": true,
      },
      "lineStyle": Object {
        "color": "#FACC14",
        "width": 2,
      },
      "name": "视频广告",
      "smooth": true,
      "stack": "累计",
      "type": "line",
    },
    Object {
      "areaStyle": Object {
        "color": LinearGradient {
          "colorStops": Array [
            Object {
              "color": "rgba(34,50,115,0.9)",
              "offset": 0,
            },
            Object {
              "color": "rgba(34,50,115,0.4)",
              "offset": 0.5,
            },
            Object {
              "color": "rgba(34,50,115,0.05)",
              "offset": 1,
            },
          ],
          "global": false,
          "type": "linear",
          "x": 0,
          "x2": 0,
          "y": 0,
          "y2": 1,
        },
        "opacity": 1,
      },
      "data": Array [
        320,
        332,
        301,
        334,
        390,
        330,
        320,
      ],
      "itemStyle": Object {
        "borderWidth": 2,
        "color": "#223273",
      },
      "label": Object {
        "position": "top",
        "show": true,
      },
      "lineStyle": Object {
        "color": "#223273",
        "width": 2,
      },
      "name": "直接访问",
      "smooth": true,
      "stack": "累计",
      "type": "line",
    },
    Object {
      "areaStyle": Object {
        "color": LinearGradient {
          "colorStops": Array [
            Object {
              "color": "rgba(133,67,224,0.9)",
              "offset": 0,
            },
            Object {
              "color": "rgba(133,67,224,0.4)",
              "offset": 0.5,
            },
            Object {
              "color": "rgba(133,67,224,0.05)",
              "offset": 1,
            },
          ],
          "global": false,
          "type": "linear",
          "x": 0,
          "x2": 0,
          "y": 0,
          "y2": 1,
        },
        "opacity": 1,
      },
      "data": Array [
        820,
        932,
        901,
        934,
        1290,
        1330,
        1320,
      ],
      "itemStyle": Object {
        "borderWidth": 2,
        "color": "#8543E0",
      },
      "label": Object {
        "position": "top",
        "show": true,
      },
      "lineStyle": Object {
        "color": "#8543E0",
        "width": 2,
      },
      "name": "搜索引擎",
      "smooth": true,
      "stack": "累计",
      "type": "line",
    },
  ],
  "tooltip": Object {},
  "xAxis": Object {
    "axisLabel": Object {
      "color": "#9aa8d4",
      "fontSize": 14,
    },
    "axisLine": Object {
      "show": false,
    },
    "axisTick": Object {
      "show": false,
    },
    "boundaryGap": false,
    "data": Array [
      "周一",
      "周二",
      "周三",
      "周四",
      "周五",
      "周六",
      "周日",
    ],
    "splitLine": Object {
      "show": false,
    },
    "type": "category",
  },
  "yAxis": Object {
    "axisLabel": Object {
      "color": "#9aa8d4",
      "fontSize": 14,
      "show": true,
    },
    "axisLine": Object {
      "show": false,
    },
    "axisTick": Object {
      "inside": true,
      "length": 10,
      "lineStyle": Object {
        "color": "#9aa8d4",
      },
      "show": true,
    },
    "splitLine": Object {
      "show": false,
    },
    "type": "value",
  },
}
`;
