// Jest Snapshot v1, https://goo.gl/fbAQLP

exports[`基础信息测试-API配置项 1`] = `
Object {
  "legend": 1,
  "x": 0,
}
`;

exports[`基础信息测试-默认配置项 1`] = `
Object {
  "binNumber": 5,
  "binWidth": 5,
  "color": "#096dd9",
  "legendAlign": "center",
  "legendOrient": "horizontal",
  "legendPosition": "top",
  "legendShow": true,
  "offsetX": -56,
  "renderer": "svg",
  "theme": "cbpc",
}
`;

exports[`默认配置项测试 1`] = `
Object {
  "binField": "value",
  "binWidth": 5,
  "chartType": "histogram",
  "data": Array [
    Object {
      "type": "a",
      "value": 1.2,
    },
    Object {
      "type": "b",
      "value": 3.4,
    },
    Object {
      "type": "a",
      "value": 3.7,
    },
    Object {
      "type": "b",
      "value": 4.3,
    },
    Object {
      "type": "a",
      "value": 5.2,
    },
    Object {
      "type": "b",
      "value": 5.8,
    },
    Object {
      "type": "a",
      "value": 6.1,
    },
    Object {
      "type": "b",
      "value": 6.5,
    },
    Object {
      "type": "a",
      "value": 6.8,
    },
    Object {
      "type": "b",
      "value": 7.1,
    },
    Object {
      "type": "a",
      "value": 7.3,
    },
    Object {
      "type": "b",
      "value": 7.7,
    },
    Object {
      "type": "a",
      "value": 8.3,
    },
    Object {
      "type": "b",
      "value": 8.6,
    },
    Object {
      "type": "a",
      "value": 8.8,
    },
    Object {
      "type": "b",
      "value": 9.1,
    },
    Object {
      "type": "a",
      "value": 9.2,
    },
    Object {
      "type": "b",
      "value": 9.4,
    },
    Object {
      "type": "a",
      "value": 9.5,
    },
    Object {
      "type": "b",
      "value": 9.7,
    },
    Object {
      "type": "a",
      "value": 10.5,
    },
    Object {
      "type": "b",
      "value": 10.7,
    },
    Object {
      "type": "a",
      "value": 10.8,
    },
    Object {
      "type": "b",
      "value": 11,
    },
    Object {
      "type": "a",
      "value": 11,
    },
    Object {
      "type": "b",
      "value": 11.1,
    },
    Object {
      "type": "a",
      "value": 11.2,
    },
    Object {
      "type": "b",
      "value": 11.3,
    },
    Object {
      "type": "a",
      "value": 11.4,
    },
    Object {
      "type": "b",
      "value": 11.4,
    },
    Object {
      "type": "a",
      "value": 11.7,
    },
    Object {
      "type": "b",
      "value": 12,
    },
    Object {
      "type": "a",
      "value": 12.9,
    },
    Object {
      "type": "b",
      "value": 12.9,
    },
    Object {
      "type": "a",
      "value": 13.3,
    },
    Object {
      "type": "b",
      "value": 13.7,
    },
    Object {
      "type": "a",
      "value": 13.8,
    },
    Object {
      "type": "b",
      "value": 13.9,
    },
    Object {
      "type": "a",
      "value": 14,
    },
    Object {
      "type": "b",
      "value": 14.2,
    },
    Object {
      "type": "a",
      "value": 14.5,
    },
    Object {
      "type": "b",
      "value": 15,
    },
    Object {
      "type": "a",
      "value": 15.2,
    },
    Object {
      "type": "b",
      "value": 15.6,
    },
    Object {
      "type": "a",
      "value": 16,
    },
    Object {
      "type": "b",
      "value": 16.3,
    },
    Object {
      "type": "a",
      "value": 17.3,
    },
    Object {
      "type": "b",
      "value": 17.5,
    },
    Object {
      "type": "a",
      "value": 17.9,
    },
    Object {
      "type": "b",
      "value": 18,
    },
    Object {
      "type": "a",
      "value": 18,
    },
    Object {
      "type": "b",
      "value": 20.6,
    },
    Object {
      "type": "a",
      "value": 21,
    },
    Object {
      "type": "b",
      "value": 23.4,
    },
  ],
  "label": Object {
    "offsetX": -56,
    "position": "middle",
  },
  "legend": Object {
    "layout": "horizontal",
    "position": "top",
  },
  "renderer": "svg",
  "stackField": "type",
  "tooltip": Object {
    "formatter": [Function],
    "showMakers": true,
  },
  "yAxis": Object {
    "grid": null,
  },
}
`;
