// Jest Snapshot v1, https://goo.gl/fbAQLP

exports[`基础信息测试-API配置项 1`] = `
Object {
  "x": 0,
  "y": 1,
}
`;

exports[`基础信息测试-默认配置项 1`] = `
Object {
  "color": "#096dd9",
  "coordinate": "polar",
  "innerRadius": 0.2,
  "intervalType": "line",
  "maxAngle": 240,
  "radius": 0.8,
  "transpose": false,
}
`;

exports[`默认配置项测试 1`] = `
Object {
  "chartType": "radial_bar",
  "color": "#096dd9",
  "coordinate": "polar",
  "data": Array [
    Array [
      "Zombieland",
      9,
    ],
    Array [
      "Wieners",
      8,
    ],
    Array [
      "Toy Story",
      8,
    ],
    Array [
      "trashkannon",
      7,
    ],
    Array [
      "the GROWLERS",
      6,
    ],
    Array [
      "mudweiser",
      6,
    ],
    Array [
      "ThunderCats",
      4,
    ],
    Array [
      "The Taqwacores - Motion Picture",
      4,
    ],
    Array [
      "The Shawshank Redemption",
      2,
    ],
    Array [
      "The Olivia Experiment",
      1,
    ],
  ],
  "innerRadius": 0.2,
  "maxAngle": 240,
  "radius": 0.8,
  "tooltip": Object {
    "showMarkers": true,
  },
  "transpose": false,
  "type": "line",
  "xField": 0,
  "yField": 1,
}
`;
