// Jest Snapshot v1, https://goo.gl/fbAQLP

exports[`基础信息测试-API配置项 1`] = `
Object {
  "x": 0,
}
`;

exports[`基础信息测试-默认配置项 1`] = `
Object {
  "fontColor": "#fff",
  "fontSize": 40,
  "showTitle": false,
  "speed0": 10,
  "speed1": 40,
  "speed2": 9,
  "st0": "#08ade5",
  "st1": "#80bfe8",
  "st2": "#f890ab",
  "suffix": "%",
}
`;
