// Jest Snapshot v1, https://goo.gl/fbAQLP

exports[`基础信息测试-API配置项 1`] = `Object {}`;

exports[`基础信息测试-默认配置项 1`] = `
Object {
  "beautyFont": false,
  "boxShape": "circle",
  "boxSize": 20,
  "carousel": "page",
  "detailApi": "/1199/3f5aca42dd",
  "evenRowBGC": "transparent",
  "fontColor": "#f2f2f2",
  "fontSize": 18,
  "fontWeight": "normal",
  "formatIndex": true,
  "headerBGC": "#0d5dff",
  "headerHeight": 35,
  "index": true,
  "letterSpacing": 0,
  "oddRowBGC": "rgba(255,255,255,0.1)",
  "rowNum": 5,
  "textAlign": "center",
  "waitTime": 4,
}
`;
